<html>
<body>
<pre>
<h1>µVision Build Log</h1>
<h2>Tool Versions:</h2>
IDE-Version: ÂµVision V5.33.0.0
Copyright (C) 2020 ARM Ltd and ARM Germany GmbH. All rights reserved.
License Information: Devan Nair, NA, LIC=----
 
Tool Versions:
Toolchain:       MDK-Lite  Version: 5.33.0.0
Toolchain Path:  C:\Keil_v5\ARM\ARMCLANG\Bin
C Compiler:      ArmClang.exe V6.15
Assembler:       Armasm.exe V6.15
Linker/Locator:  ArmLink.exe V6.15
Library Manager: ArmAr.exe V6.15
Hex Converter:   FromElf.exe V6.15
CPU DLL:         SARMCM3.DLL V5.33.0.0
Dialog DLL:      DCM.DLL V1.17.3.0
Target DLL:      UL2CM3.DLL V1.163.9.0
Dialog DLL:      TCM.DLL V1.48.0.0
 
<h2>Project:</h2>
C:\Users\Devan\EmbeddedSystems\kernel-arm-none-eabi-gcc - latest\armcc\kernel-rtef.uvprojx
Project File Date:  03/15/2021

<h2>Output:</h2>
*** Using Compiler 'V6.15', folder: 'C:\Keil_v5\ARM\ARMCLANG\Bin'
Rebuild target 'run'
compiling qf_defer.c...
compiling qf_act.c...
compiling main.c...
compiling qep_msm.c...
compiling hsm.c...
compiling qep_hsm.c...
compiling periph_util.c...
compiling qf_qact.c...
compiling qf_dyn.c...
compiling qf_ps.c...
compiling qf_qmact.c...
compiling qf_qeq.c...
compiling qf_time.c...
compiling qf_port.c...
compiling os_mem.c...
compiling os_mbox.c...
compiling os_flag.c...
compiling os_core.c...
compiling os_mutex.c...
compiling os_q.c...
compiling os_sem.c...
compiling os_time.c...
compiling os_cpu_c.c...
compiling os_task.c...
compiling os_dbg.c...
ArmClang: warning: argument unused during compilation: '-D __UVISION_VERSION=533' [-Wunused-command-line-argument]
assembling os_cpu_a.asm...
assembling startup_TM4C129.s...
compiling os_tmr.c...
compiling system_TM4C129.c...
compiling cpu.c...
compiling interrupt.c...
compiling uartstdio.c...
compiling uart.c...
compiling sysctl.c...
linking...
Program Size: Code=8800 RO-data=924 RW-data=4 ZI-data=8320  
".\Objects\kernel-rtef.axf" - 0 Error(s), 1 Warning(s).

<h2>Software Packages used:</h2>

Package Vendor: Keil
                http://www.keil.com/pack/Keil.TM4C_DFP.1.1.0.pack
                Keil.TM4C_DFP.1.1.0
                Texas Instruments Tiva C Series Device Support and Examples

<h2>Collection of Component include folders:</h2>
  C:\Users\Devan\AppData\Local\Arm\Packs\Keil\TM4C_DFP\1.1.0\Device\Include\TM4C129

<h2>Collection of Component Files used:</h2>
Build Time Elapsed:  00:00:02
</pre>
</body>
</html>
